Comps:

vgain | 0 = [1,2]
switch | 0 = []
input.I | 0 = [0,1]
output.V | 0 = [1]
copy.V | 0 = []
vadd | 0 = [3,1,0,2]
ihill | 0 = []
vtoi | 0 = []
igenebind | 0 = []
mm | 0 = []
input.V | 0 = [24,23,13,0,1,4,17]
itov | 0 = [5,1,3]
iadd | 0 = []
output.I | 0 = []
copy.I | 0 = []

Conns:
vadd[1].B->itov[1].Y
input.I[0].O->itov[1].X
output.V[1].X->vadd[2].OUT2
input.I[1].O->itov[3].X
vadd[2].D->input.V[0].O
input.V[0].O->vadd[0].C
input.V[17].O->vadd[2].OUT2_0
vadd[0].A->vgain[1].P
vadd[3].A->input.V[0].O
vadd[2].B->itov[3].Y
input.V[4].O->vgain[2].Y
vadd[1].A->input.V[0].O
vadd[2].C->input.V[0].O
vadd[2].A->input.V[0].O
input.V[13].O->vadd[1].OUT2_0
input.V[24].O->itov[5].K
input.V[1].O->vadd[0].OUT2_0
input.V[23].O->vadd[3].OUT2_0
vadd[0].B->vgain[2].P
vadd[3].C->input.V[0].O
vadd[1].C->input.V[0].O
vadd[3].B->itov[5].Y
vgain[1].Z->input.V[0].O

Labels:
V(vadd[3].D): bind S
V(input.V[23].O): bind E_0
V(itov[1].K): bind ES
V(input.V[1].O): bind ES_0
V(input.V[24].O): bind 25.25
V(input.V[13].O): bind S_0
V(vadd[0].D): bind ES
V(input.V[4].O): bind 0.00126823081801
V(input.V[17].O): bind P_0
V(input.V[0].O): bind 0
I(itov[5].X): bind ES
V(itov[3].K): bind ES
I(input.I[1].O): bind 2.1
V(output.V[1].X): bind P
I(input.I[0].O): bind 23.15

