Comps:

vgain | 0 = [1,2]
switch | 0 = []
input.I | 0 = [2,1,0]
output.V | 0 = [0]
copy.V | 0 = []
vadd | 0 = [3,1,0,2]
ihill | 0 = []
vtoi | 0 = []
igenebind | 0 = []
mm | 0 = []
input.V | 0 = [12,8,0,7,9,11]
itov | 0 = [5,3,1]
iadd | 0 = []
output.I | 0 = []
copy.I | 0 = []

Conns:
input.V[8].O->vadd[1].OUT2_0
vadd[1].B->itov[3].Y
input.V[9].O->vadd[2].OUT2_0
input.I[0].O->itov[1].X
input.I[1].O->itov[3].X
input.V[12].O->vadd[3].OUT2_0
input.I[2].O->itov[5].X
output.V[0].X->vadd[3].OUT2
input.V[0].O->vadd[0].C
vadd[0].A->input.V[0].O
vadd[3].A->itov[5].Y
vadd[2].B->vgain[1].P
vadd[1].A->input.V[0].O
input.V[7].O->vadd[0].OUT2_0
vadd[2].C->input.V[0].O
vadd[2].A->vgain[2].P
vgain[2].Z->input.V[0].O
vadd[0].B->itov[1].Y
vadd[3].C->input.V[0].O
input.V[11].O->vgain[1].Y
vadd[1].C->input.V[0].O
vadd[3].B->input.V[0].O

Labels:
D(input.I[1].X): bind 23.15
V(vgain[1].Z): bind S
V(input.V[11].O): bind 0.00126823081801
V(itov[1].K): bind ES
D(input.V[8].X): bind S_0
D(input.V[7].X): bind E_0
V(vgain[1].X): bind E
V(input.V[7].O): bind E_0
D(input.V[11].X): bind 0.00126823081801
D(input.V[9].X): bind ES_0
V(vadd[1].D): bind S
V(itov[5].K): bind ES
V(input.V[0].O): bind 0
I(input.I[2].O): bind 2.1
V(output.V[0].X): bind P
D(output.V[0].O): bind P
D(input.I[0].X): bind 25.25
V(input.V[12].O): bind P_0
D(input.V[0].X): bind 0
D(input.I[2].X): bind 2.1
V(itov[3].K): bind ES
V(vadd[2].D): bind ES
D(input.V[12].X): bind P_0
I(input.I[1].O): bind 23.15
I(input.I[0].O): bind 25.25
V(input.V[9].O): bind ES_0
V(input.V[8].O): bind S_0

