Comps:

vgain | 0 = []
switch | 0 = [0]
input.I | 0 = [24,16,2,3,20]
output.V | 0 = []
copy.V | 0 = []
vadd | 0 = [1,0]
ihill | 0 = [1,0]
vtoi | 0 = []
igenebind | 0 = []
mm | 0 = []
input.V | 0 = [51,43,26,25,11,10,2,20]
itov | 0 = [3,1]
iadd | 0 = []
output.I | 0 = []
copy.I | 0 = []

Conns:
input.I[3].O->switch[0].SUB
vadd[1].B->input.V[10].O
input.V[25].O->vadd[1].OUT2_0
input.V[10].O->vadd[0].C
input.I[24].O->ihill[1].Vmax
input.I[2].O->switch[0].Kmod
input.V[43].O->itov[3].K
vadd[0].A->input.V[10].O
input.I[16].O->itov[1].X
vadd[1].A->itov[3].Y
input.I[20].O->ihill[0].Vmax
input.V[2].O->switch[0].n
input.V[26].O->vadd[1].D
vadd[0].B->itov[1].Y
input.V[11].O->vadd[0].OUT2_0
input.V[51].O->ihill[1].n
input.V[20].O->ihill[0].n
vadd[1].C->input.V[10].O

Labels:
D(input.V[2].X): bind 2.0015
D(input.V[20].X): bind 2.5
V(input.V[20].O): bind 2.5
V(input.V[51].O): bind 1
D(input.I[16].X): bind 10
V(input.V[11].O): bind V_0
D(input.V[10].X): bind 0
V(input.V[26].O): bind 0.01
D(input.V[43].X): bind 10
V(input.V[2].O): bind 2.0015
D(input.V[25].X): bind U_0
D(input.V[51].X): bind 1
I(itov[3].X): bind UTF
I(input.I[20].O): bind 156.25
D(input.V[26].X): bind 0.01
D(input.V[11].X): bind V_0
I(ihill[1].Km): bind Km
I(input.I[16].O): bind 10
V(input.V[43].O): bind 10
I(input.I[2].O): bind 2.9618e-05
I(ihill[1].S): bind umodif
D(input.I[3].X): bind IPTG
I(input.I[24].O): bind 15.6
D(input.I[24].X): bind 15.6
D(input.I[2].X): bind 2.9618e-05
D(input.I[20].X): bind 156.25
V(input.V[10].O): bind 0
V(input.V[25].O): bind U_0
I(input.I[3].O): bind IPTG
I(ihill[0].S): bind V
I(ihill[0].Km): bind Km

