Comps:

vgain | 0 = []
switch | 0 = [0]
input.I | 0 = [24,8,2,3,13]
output.V | 0 = []
copy.V | 0 = []
vadd | 0 = [1,0]
ihill | 0 = [0,1]
vtoi | 0 = []
igenebind | 0 = []
mm | 0 = []
input.V | 0 = [68,67,45,25,24,20,2,61]
itov | 0 = [3,1]
iadd | 0 = []
output.I | 0 = []
copy.I | 0 = []

Conns:
input.I[3].O->switch[0].SUB
input.V[45].O->itov[1].K
input.V[67].O->vadd[1].OUT2_0
input.V[25].O->vadd[0].OUT2_0
input.V[68].O->vadd[1].B
input.I[24].O->itov[3].X
input.I[2].O->switch[0].Kmod
vadd[0].A->itov[1].Y
vadd[1].A->itov[3].Y
input.I[13].O->ihill[1].Vmax
input.V[2].O->switch[0].n
input.V[24].O->vadd[0].C
input.V[61].O->ihill[1].n
vadd[0].B->input.V[24].O
input.V[20].O->ihill[0].n
vadd[1].C->input.V[24].O
input.I[8].O->ihill[0].Vmax

Labels:
D(input.V[20].X): bind 1
D(input.V[2].X): bind 2.0015
I(input.I[8].O): bind 15.6
D(input.I[13].X): bind 156.25
D(input.V[24].X): bind 0
V(input.V[20].O): bind 1
I(itov[1].X): bind UTF
V(input.V[61].O): bind 2.5
V(input.V[2].O): bind 2.0015
D(input.V[67].X): bind V_0
D(input.V[25].X): bind U_0
I(input.I[13].O): bind 156.25
D(input.V[68].X): bind 0
I(ihill[1].Km): bind Km
D(input.I[8].X): bind 15.6
I(input.I[2].O): bind 2.9618e-05
D(input.V[61].X): bind 2.5
D(input.I[3].X): bind IPTG
V(itov[3].K): bind VTF
I(input.I[24].O): bind 10
D(input.I[24].X): bind 10
V(input.V[68].O): bind 0
D(input.I[2].X): bind 2.9618e-05
V(input.V[25].O): bind U_0
V(input.V[67].O): bind V_0
V(input.V[45].O): bind 10
D(input.V[45].X): bind 10
I(ihill[0].S): bind umodif
I(input.I[3].O): bind IPTG
I(ihill[0].Km): bind Km

