Comps:

vgain | 0 = [1,3,4]
switch | 0 = []
input.I | 0 = [24,15]
output.V | 0 = [12,4,1,8]
copy.V | 0 = []
vadd | 0 = [3,1,0,2]
ihill | 0 = []
vtoi | 0 = []
igenebind | 0 = []
mm | 0 = []
input.V | 0 = [153,120,119,118,74,35,34,33,32,3,4,5,6,23,24,25,84,85,86,90,104,105,106]
itov | 0 = [3,1]
iadd | 0 = []
output.I | 0 = []
copy.I | 0 = []

Conns:
input.V[106].O->vgain[4].Z
vadd[1].B->itov[1].Y
input.V[90].O->vgain[3].Z
input.V[35].O->vadd[1].A
input.V[105].O->vgain[4].Y
input.V[5].O->vadd[0].OUT2_0
input.V[25].O->vgain[1].X
input.V[33].O->vadd[1].C
input.V[120].O->vadd[3].OUT2_0
vadd[1].OUT2->output.V[4].X
input.I[24].O->itov[3].X
input.V[32].O->vadd[1].OUT2_0
vadd[2].OUT2->output.V[8].X
vadd[2].B->vgain[4].P
input.V[4].O->vadd[0].D
input.V[74].O->itov[1].K
input.V[86].O->vadd[2].OUT2_0
input.V[84].O->vadd[2].D
input.V[119].O->vadd[3].A
vadd[2].A->vgain[3].P
input.V[118].O->vadd[3].C
input.V[24].O->vgain[1].Z
input.V[23].O->vgain[1].Y
input.V[6].O->vadd[0].A
input.V[3].O->vadd[0].C
input.V[104].O->vgain[4].X
input.V[34].O->vadd[1].D
input.V[85].O->vadd[2].C
vadd[0].B->vgain[1].P
vadd[0].OUT2->output.V[1].X
vadd[3].OUT2->output.V[12].X
vadd[3].B->itov[3].Y
input.V[153].O->itov[3].K
input.I[15].O->itov[1].X

Labels:
D(output.V[12].O): bind P
D(output.V[4].O): bind S
D(input.V[24].X): bind ES
D(input.V[86].X): bind ES_0
D(input.V[118].X): bind 0.
D(input.V[4].X): bind S
D(input.V[74].X): bind ES
D(input.V[5].X): bind E_0
D(input.V[105].X): bind 0.00126823081801
D(output.V[1].O): bind E
D(input.V[85].X): bind 0.
D(input.V[35].X): bind 0.
D(input.V[104].X): bind E
D(input.V[25].X): bind 631.25
D(input.I[15].X): bind 23.15
D(input.V[33].X): bind 0.
D(input.V[84].X): bind ES
D(input.V[119].X): bind 0.
D(input.V[6].X): bind 0.
D(input.V[32].X): bind S_0
D(input.V[153].X): bind 2.1
D(input.I[24].X): bind ES
D(input.V[106].X): bind S
D(input.V[23].X): bind 1.
D(output.V[8].O): bind ES
D(input.V[120].X): bind P_0
D(input.V[90].X): bind 0.
D(input.V[34].X): bind S
D(input.V[3].X): bind 0.

