Comps:

vgain | 0 = [3,1,2,4]
switch | 0 = []
input.I | 0 = [0]
output.V | 0 = [0]
copy.V | 0 = []
vadd | 0 = [3,1,0,2]
ihill | 0 = []
vtoi | 0 = []
igenebind | 0 = []
mm | 0 = []
input.V | 0 = [8,4,5,3,1,0,2,6,7]
itov | 0 = [1]
iadd | 0 = []
output.I | 0 = []
copy.I | 0 = []

Conns:
input.V[8].O->vadd[3].OUT2_0
vadd[1].B->input.V[1].O
input.I[0].O->itov[1].X
input.V[5].O->vgain[3].Y
output.V[0].X->vadd[1].OUT2
input.V[0].O->vadd[0].OUT2_0
vadd[0].A->vgain[1].P
vadd[3].A->input.V[1].O
vadd[2].B->vgain[4].P
vadd[1].A->vgain[3].P
input.V[4].O->vgain[3].X
input.V[7].O->vgain[4].Y
vadd[2].C->input.V[1].O
vgain[1].X->input.V[1].O
vadd[2].A->input.V[1].O
input.V[2].O->vgain[2].Y
input.V[1].O->vadd[0].C
input.V[6].O->vadd[2].OUT2_0
input.V[3].O->vadd[1].OUT2_0
vadd[0].B->vgain[2].P
vadd[3].C->input.V[1].O
vadd[1].C->input.V[1].O
vadd[3].B->itov[1].Y
vgain[4].X->input.V[4].O

Labels:
D(input.V[2].X): bind 0.00126823081801
D(input.V[1].X): bind 0
V(vadd[3].D): bind S
D(input.V[4].X): bind 1
D(input.V[5].X): bind 0.0190476190476
V(vgain[2].Z): bind S
V(input.V[3].O): bind P_0
V(input.V[6].O): bind S_0
V(itov[1].K): bind ES
V(input.V[1].O): bind 0
V(input.V[2].O): bind 0.00126823081801
D(input.V[8].X): bind E_0
D(input.V[7].X): bind 0.00172786177106
V(vadd[0].D): bind ES
V(input.V[7].O): bind 0.00172786177106
V(input.V[4].O): bind 1
D(input.V[6].X): bind S_0
V(input.V[0].O): bind ES_0
D(input.I[0].X): bind 25.25
V(output.V[0].X): bind P
D(output.V[0].O): bind P
D(input.V[0].X): bind ES_0
V(vadd[2].D): bind S
V(vgain[4].Z): bind ES
V(input.V[5].O): bind 0.0190476190476
V(vgain[3].Z): bind ES
I(input.I[0].O): bind 25.25
D(input.V[3].X): bind P_0
V(input.V[8].O): bind E_0

