Comps:

vgain | 0 = [1]
switch | 0 = []
input.I | 0 = [58,34,12,47]
output.V | 0 = [0]
copy.V | 0 = []
vadd | 0 = [3,1,0,2]
ihill | 0 = []
vtoi | 0 = []
igenebind | 0 = []
mm | 0 = []
input.V | 0 = [21,16,10,6,7,17]
itov | 0 = [8,4,1,6]
iadd | 0 = []
output.I | 0 = []
copy.I | 0 = []

Conns:
input.I[12].O->itov[1].X
vadd[1].B->vgain[1].P
input.V[16].O->vgain[1].Y
input.V[10].O->vadd[1].OUT2_0
input.V[21].O->vadd[3].OUT2_0
input.I[47].O->itov[6].X
output.V[0].X->vadd[2].OUT2
input.I[34].O->itov[4].X
input.V[17].O->vadd[2].OUT2_0
vadd[0].A->input.V[6].O
vadd[3].A->input.V[6].O
vadd[2].B->input.V[6].O
vadd[1].A->itov[4].Y
input.V[7].O->vadd[0].OUT2_0
vadd[2].C->input.V[6].O
vadd[2].A->itov[6].Y
input.V[6].O->vadd[0].C
vadd[0].B->itov[1].Y
vadd[3].C->input.V[6].O
vadd[1].C->input.V[6].O
vadd[3].B->itov[8].Y
input.I[58].O->itov[8].X

Labels:
D(input.I[47].X): bind 2.1
V(vgain[1].Z): bind S
I(input.I[58].O): bind 25.25
D(input.I[34].X): bind 0
V(vadd[3].D): bind S
D(input.I[58].X): bind 25.25
D(input.V[10].X): bind ES_0
D(input.V[16].X): bind 0.00126823081801
V(input.V[6].O): bind 0
D(input.V[21].X): bind E_0
V(itov[6].K): bind ES
D(input.V[7].X): bind S_0
D(input.I[12].X): bind 23.15
V(vadd[0].D): bind S
V(input.V[7].O): bind S_0
V(itov[8].K): bind ES
V(input.V[17].O): bind P_0
D(input.V[6].X): bind 0
I(input.I[34].O): bind 0
D(output.V[0].O): bind P
V(output.V[0].X): bind P
I(input.I[47].O): bind 2.1
V(input.V[21].O): bind E_0
V(input.V[10].O): bind ES_0
V(input.V[16].O): bind 0.00126823081801
D(input.V[17].X): bind P_0
I(input.I[12].O): bind 23.15

