Comps:

vgain | 0 = [11,10,9,6,3,1,2,0]
switch | 0 = [3,2,1,0]
input.I | 0 = [10,8,6,5,4,2,3,0,1,7,9]
output.V | 0 = []
copy.V | 0 = []
vadd | 0 = [5,4,3,2,0,1,6,7]
ihill | 0 = []
vtoi | 0 = [0]
igenebind | 0 = []
mm | 0 = [1,0]
input.V | 0 = [22,19,16,15,14,13,11,10,8,7,2,3,0,1,5,4,6,9,12,17,18,20,21]
itov | 0 = [22,18,15,14,10,5,4,1,0,2,6,7,17,19,21]
iadd | 0 = []
output.I | 0 = []
copy.I | 0 = []

Conns:
input.V[8].O->vadd[3].OUT2_0
input.V[19].O->mm[1].XY0
vadd[4].D->input.V[4].O
vadd[5].A->vgain[11].P
input.V[5].O->vadd[1].OUT2_0
input.V[16].O->itov[14].K
switch[1].SUB->input.I[2].O
input.I[1].O->itov[6].X
vadd[2].D->input.V[4].O
vadd[5].C->itov[15].Y
input.V[21].O->vadd[7].OUT2_0
vadd[6].A->itov[17].Y
input.V[12].O->vgain[0].Y
vgain[0].Y->input.V[2].O
vadd[4].B->vadd[5].OUT
input.V[0].O->vadd[0].A
vadd[3].A->itov[5].Y
itov[5].K->input.V[4].O
input.V[4].O->vadd[1].D
vadd[2].B->vgain[3].P
switch[3].Kmod->input.I[2].O
input.V[7].O->vadd[2].OUT2_0
vadd[2].A->input.V[0].O
vadd[4].C->vgain[9].P
input.I[6].O->itov[18].X
vgain[0].X->input.V[2].O
input.V[14].O->itov[10].K
switch[3].n->input.V[11].O
vgain[3].Y->input.V[2].O
itov[4].K->input.V[4].O
input.V[6].O->vgain[2].X
input.I[5].O->itov[15].X
vadd[7].B->input.V[0].O
vadd[6].C->input.V[0].O
switch[2].SUB->input.I[2].O
input.I[9].O->mm[0].kf
vadd[0].B->vgain[1].P
input.V[15].O->vgain[10].X
input.V[11].O->switch[0].n
mm[1].kr->input.I[2].O
input.V[20].O->vtoi[0].K
vadd[3].B->itov[4].Y
input.V[18].O->mm[0].XY0
input.I[8].O->switch[2].Kmod
vgain[2].Y->input.V[2].O
vadd[4].A->itov[14].Y
vgain[11].X->input.V[15].O
vadd[1].B->vgain[2].P
input.I[3].O->switch[0].Kmod
input.V[9].O->vgain[0].X
itov[2].K->input.V[2].O
input.I[0].O->itov[1].X
vgain[10].Y->input.V[2].O
input.V[22].O->itov[22].K
input.I[7].O->itov[19].X
vadd[7].A->itov[21].Y
vadd[6].B->input.V[0].O
input.V[10].O->vgain[0].Y
itov[21].K->input.V[4].O
input.I[2].O->switch[0].SUB
vgain[6].Y->input.V[3].O
switch[2].n->input.V[11].O
input.V[17].O->vadd[6].OUT2_0
vadd[1].A->input.V[0].O
vadd[5].B->vgain[10].P
input.I[4].O->switch[1].Kmod
vadd[2].C->input.V[0].O
itov[17].X->input.I[0].O
vgain[3].X->input.V[6].O
input.V[13].O->vadd[4].OUT2_0
input.V[2].O->vgain[1].X
vadd[5].D->itov[10].Y
input.V[1].O->vadd[0].OUT2_0
vadd[7].C->input.V[0].O
input.V[3].O->vgain[1].Y
vgain[6].X->input.V[2].O
mm[1].kf->input.I[9].O
vadd[3].C->vgain[6].P
vadd[0].C->input.V[0].O
vgain[9].X->input.V[2].O
vgain[9].Y->input.V[3].O
vadd[1].C->input.V[0].O
input.I[10].O->switch[3].SUB
mm[0].kr->input.I[2].O
switch[1].n->input.V[11].O
vgain[11].Y->input.V[2].O

Labels:
D(input.I[7].X): bind 50
V(vgain[9].Z): bind rxn2
I(itov[0].X): bind DA
D(input.V[20].X): bind 0.2
I(input.I[10].O): bind 49
D(input.V[18].X): bind MR_0
D(input.V[4].X): bind 10
V(input.V[3].O): bind 0.004
I(itov[2].X): bind C
D(input.V[21].X): bind DRp_0
V(input.V[1].O): bind DA_0
V(input.V[2].O): bind 1
V(vgain[0].Z): bind MR
V(vgain[0].Z): bind R
D(input.V[8].X): bind R_0
V(input.V[13].O): bind A_0
D(input.V[11].X): bind -1
V(vadd[0].D): bind rxn5
I(input.I[4].O): bind 0.0204081632653
V(input.V[17].O): bind DAp_0
D(input.V[19].X): bind MA_0
D(input.V[15].X): bind 2500
D(input.V[6].X): bind 250
V(itov[17].K): bind rxn5
D(input.I[4].X): bind 0.0204081632653
I(input.I[2].O): bind 1
D(input.I[0].X): bind 10
D(input.I[3].X): bind 0.00200400801603
D(input.V[14].X): bind -100
D(input.I[2].X): bind 1
V(input.V[10].O): bind 0.04
V(itov[15].K): bind rxn11
D(input.V[13].X): bind A_0
I(switch[0].Vmax): bind DAp
I(input.I[7].O): bind 50
V(input.V[22].O): bind 50
I(input.I[0].O): bind 10
V(input.V[9].O): bind 12.5
V(vadd[7].D): bind rxn12
I(input.I[3].O): bind 0.00200400801603
D(input.I[1].X): bind 0.01
V(itov[7].K): bind DR
D(input.V[2].X): bind 1
I(input.I[8].O): bind 0.010101010101
D(input.V[1].X): bind DA_0
V(input.V[18].O): bind MR_0
V(input.V[20].O): bind 0.2
V(input.V[11].O): bind -1
V(input.V[15].O): bind 2500
I(input.I[9].O): bind 0
D(input.V[10].X): bind 0.04
V(vgain[6].Z): bind rxn1
D(input.V[5].X): bind DR_0
I(itov[14].X): bind rxn1
I(input.I[5].O): bind -100
D(input.V[16].X): bind -10
V(input.V[6].O): bind 250
V(itov[6].K): bind DR
I(itov[4].X): bind rxn16
V(input.V[14].O): bind -100
I(input.I[6].O): bind 0.2
D(input.V[7].X): bind C_0
D(input.I[10].X): bind 49
I(itov[22].X): bind DRp
I(switch[2].Vmax): bind DRp
V(input.V[7].O): bind C_0
D(input.V[9].X): bind 12.5
D(input.V[22].X): bind 50
V(input.V[4].O): bind 10
D(input.I[8].X): bind 0.010101010101
D(input.I[6].X): bind 0.2
V(input.V[0].O): bind 0
V(vgain[11].Z): bind rxn10
D(input.V[0].X): bind 0
V(input.V[12].O): bind 0.0008
V(input.V[21].O): bind DRp_0
I(itov[21].X): bind rxn11
D(input.I[5].X): bind -100
I(itov[5].X): bind rxn3
I(switch[3].Vmax): bind DAp
I(input.I[1].O): bind 0.01
D(input.V[12].X): bind 0.0008
D(input.I[9].X): bind 0
V(vtoi[0].X): bind MR
V(input.V[16].O): bind -10
V(input.V[5].O): bind DR_0
V(vgain[3].Z): bind rxn1
I(switch[1].Vmax): bind DA
D(input.V[3].X): bind 0.004
D(input.V[17].X): bind DAp_0
V(input.V[19].O): bind MA_0
V(itov[18].K): bind R
V(input.V[8].O): bind R_0

