Comps:

vgain | 0 = [0]
switch | 0 = []
input.I | 0 = [40,39,28,6,17,38]
output.V | 0 = []
copy.V | 0 = []
vadd | 0 = [0,1,2,3,4,6,7,8]
ihill | 0 = []
vtoi | 0 = [2,1,0]
igenebind | 0 = []
mm | 0 = [1,0]
input.V | 0 = [155,144,138,83,59,49,41,25,8,7,27,45,68,72,86,99,129,146,149]
itov | 0 = [29,26,22,13,9,5,1,3,4,7,8,10,12,15,17,18,19,20,21,23,25,27,28,31,32,33]
iadd | 0 = []
output.I | 0 = []
copy.I | 0 = []

Conns:
input.V[8].O->vadd[0].OUT2_0
input.V[138].O->itov[22].K
input.V[45].O->vadd[2].OUT2_0
itov[33].X->input.I[6].O
input.V[25].O->itov[1].K
input.I[38].O->itov[23].X
itov[21].X->input.I[28].O
vadd[6].A->itov[18].Y
vadd[4].B->vadd[6].OUT
vadd[3].A->itov[12].Y
vadd[0].A->itov[1].Y
vadd[2].B->input.V[7].O
input.V[49].O->vgain[0].Y
input.V[7].O->vadd[0].C
vadd[2].A->itov[7].Y
vadd[6].D->itov[20].Y
vadd[4].C->itov[17].Y
input.I[6].O->itov[3].X
input.V[155].O->mm[1].XY0
vadd[7].B->input.V[7].O
vadd[6].C->itov[19].Y
input.I[39].O->mm[0].kf
itov[29].K->input.V[25].O
vadd[8].B->itov[32].Y
vadd[0].B->input.V[7].O
mm[1].kr->input.I[40].O
vadd[3].B->input.V[7].O
input.V[59].O->itov[9].K
itov[20].K->input.V[129].O
input.V[146].O->vadd[7].OUT2_0
itov[7].K->input.V[25].O
vadd[4].A->itov[15].Y
vadd[1].B->input.V[7].O
input.V[144].O->mm[0].XY0
input.I[40].O->mm[0].kr
itov[18].X->input.I[28].O
vadd[7].A->itov[25].Y
vadd[6].B->itov[21].Y
input.V[68].O->itov[10].K
input.V[72].O->vadd[3].OUT2_0
vtoi[1].K->input.V[41].O
itov[25].X->input.I[6].O
input.V[83].O->itov[13].K
itov[17].K->input.V[25].O
input.I[17].O->itov[4].X
vadd[1].A->itov[3].Y
input.V[86].O->vadd[4].OUT2_0
itov[32].K->input.V[25].O
input.V[99].O->itov[15].K
vadd[2].C->input.V[7].O
input.V[149].O->vadd[8].OUT2_0
input.V[41].O->vtoi[0].K
vtoi[2].K->input.V[59].O
itov[31].X->input.I[6].O
vadd[7].C->input.V[7].O
vadd[8].A->itov[33].Y
input.V[129].O->itov[19].K
input.V[27].O->vadd[1].OUT2_0
mm[1].kf->input.I[39].O
itov[27].K->input.V[138].O
vadd[3].C->input.V[7].O
itov[26].K->input.V[138].O
vadd[1].C->input.V[7].O
vadd[8].C->itov[31].Y
itov[12].K->input.V[25].O
input.I[28].O->itov[5].X

Labels:
I(input.I[28].O): bind 100
I(itov[8].X): bind A
D(input.I[38].X): bind 0.5
D(input.V[86].X): bind A_0
I(itov[12].X): bind rxn11
V(vtoi[1].X): bind A
I(itov[9].X): bind R
V(vadd[3].D): bind rxn12
D(input.V[83].X): bind 0.01
V(input.V[27].O): bind DA_0
V(input.V[129].O): bind -100
I(itov[13].X): bind DR
V(vgain[0].Z): bind R
D(input.V[41].X): bind 1
V(input.V[41].O): bind 1
D(input.V[8].X): bind DAp_0
D(input.V[146].X): bind DR_0
V(input.V[149].O): bind R_0
D(input.V[25].X): bind 10
I(itov[17].X): bind rxn2
V(input.V[99].O): bind -10
I(itov[27].X): bind DRp
I(itov[28].X): bind DR
D(input.V[155].X): bind MR_0
V(itov[8].K): bind DA
V(input.V[86].O): bind A_0
V(itov[31].K): bind rxn1
V(vadd[1].D): bind rxn5
D(input.V[144].X): bind MA_0
D(input.I[39].X): bind 0
I(input.I[17].O): bind 50
V(input.V[83].O): bind 0.01
V(itov[21].K): bind rxn11
V(itov[25].K): bind rxn12
V(input.V[72].O): bind DRp_0
V(input.V[68].O): bind 500
D(input.V[149].X): bind R_0
D(input.V[72].X): bind DRp_0
V(itov[28].K): bind A
I(itov[15].X): bind rxn1
I(itov[32].X): bind rxn16
D(input.V[45].X): bind C_0
V(vadd[7].D): bind rxn11
V(input.V[144].O): bind MA_0
I(input.I[40].O): bind 1
V(itov[33].K): bind rxn3
I(itov[26].X): bind DAp
D(input.V[138].X): bind 50
D(input.V[99].X): bind -10
V(input.V[146].O): bind DR_0
I(itov[10].X): bind DAp
V(input.V[59].O): bind 0.2
I(itov[1].X): bind rxn5
I(input.I[39].O): bind 0
I(itov[29].X): bind MA
D(input.V[49].X): bind 0.0008
D(input.I[28].X): bind 100
V(vgain[0].X): bind A
V(input.V[155].O): bind MR_0
D(input.V[7].X): bind 0
I(input.I[6].O): bind 10
I(itov[22].X): bind DA
V(input.V[7].O): bind 0
D(input.V[68].X): bind 500
V(input.V[49].O): bind 0.0008
D(input.I[17].X): bind 50
V(itov[5].K): bind DRp
D(input.I[6].X): bind 10
D(input.V[27].X): bind DA_0
V(vadd[2].D): bind rxn3
V(vtoi[0].X): bind C
I(input.I[38].O): bind 0.5
V(vadd[8].D): bind rxn4
V(input.V[25].O): bind 10
D(input.V[59].X): bind 0.2
V(input.V[45].O): bind C_0
V(vadd[4].D): bind rxn5
D(input.I[40].X): bind 1
V(itov[18].K): bind rxn10
D(input.V[129].X): bind -100
V(input.V[138].O): bind 50
V(input.V[8].O): bind DAp_0
I(itov[19].X): bind rxn12

