Comps:

vgain | 0 = []
switch | 0 = []
input.I | 0 = [42,12,19,20,31]
output.V | 0 = []
copy.V | 0 = []
vadd | 0 = [5,4,2,1,0,3]
ihill | 0 = [3,1,5]
vtoi | 0 = []
igenebind | 0 = []
mm | 0 = []
input.V | 0 = [81,79,56,28,27,3,4,26,51,59,76]
itov | 0 = [11,9,5,3,1,7]
iadd | 0 = [1,0,2]
output.I | 0 = []
copy.I | 0 = []

Conns:
input.V[28].O->vadd[1].D
vadd[4].A->input.V[3].O
vadd[1].B->input.V[3].O
input.I[12].O->itov[3].X
iadd[2].C->input.I[20].O
iadd[1].D->input.I[20].O
vadd[5].A->input.V[3].O
itov[11].K->input.V[26].O
vadd[5].C->input.V[3].O
iadd[2].D->input.I[20].O
input.I[19].O->iadd[0].A
vadd[4].B->itov[9].Y
input.V[79].O->vadd[4].OUT2_0
input.V[76].O->itov[7].K
vadd[3].A->input.V[3].O
vadd[0].A->input.V[3].O
ihill[3].Vmax->input.I[31].O
input.V[4].O->vadd[0].OUT2_0
vadd[1].A->itov[3].Y
vadd[2].B->itov[5].Y
vadd[5].B->itov[11].Y
iadd[0].C->input.I[20].O
iadd[1].A->input.I[19].O
ihill[3].n->input.V[51].O
ihill[5].Vmax->input.I[31].O
iadd[2].B->ihill[5].REP
iadd[2].A->input.I[19].O
input.I[20].O->iadd[0].D
vadd[2].C->input.V[3].O
vadd[2].A->input.V[3].O
input.V[81].O->vadd[5].OUT2_0
ihill[5].n->input.V[51].O
vadd[4].C->input.V[3].O
input.I[31].O->ihill[1].Vmax
iadd[0].B->ihill[1].REP
input.V[26].O->itov[1].K
input.I[42].O->itov[5].X
iadd[1].B->ihill[3].REP
input.V[3].O->vadd[0].C
input.V[27].O->vadd[1].OUT2_0
input.V[56].O->vadd[2].OUT2_0
vadd[3].C->input.V[3].O
vadd[0].B->itov[1].Y
input.V[51].O->ihill[1].n
itov[9].K->input.V[76].O
iadd[1].C->input.I[20].O
vadd[3].B->itov[7].Y
input.V[59].O->vadd[3].OUT2_0
vadd[1].C->input.V[3].O

Labels:
I(ihill[3].Km): bind KM
I(ihill[5].Km): bind KM
I(itov[11].X): bind clm
V(input.V[59].O): bind clm_0
V(input.V[51].O): bind 2
D(input.V[4].X): bind LacLp_0
V(vadd[3].D): bind clm
V(input.V[56].O): bind LacLm_0
V(input.V[27].O): bind TetRp_0
V(input.V[3].O): bind 0
I(input.I[42].O): bind 10
V(input.V[26].O): bind 30.1029995664
D(input.I[19].X): bind 0.0005
I(input.I[31].O): bind 0.4995
I(itov[7].X): bind TRclp
D(input.V[76].X): bind 10
V(input.V[81].O): bind clp_0
D(input.I[12].X): bind 30.1029995664
D(input.V[28].X): bind 0.3010299956
I(input.I[20].O): bind 0
D(input.V[51].X): bind 2
D(input.V[56].X): bind LacLm_0
V(vadd[0].D): bind LacLp
D(input.V[26].X): bind 30.1029995664
I(ihill[3].S): bind TetRp
V(input.V[4].O): bind LacLp_0
I(ihill[1].Km): bind KM
V(itov[5].K): bind TRLacL
V(input.V[76].O): bind 10
D(input.V[81].X): bind clp_0
V(input.V[79].O): bind TetRm_0
D(input.V[27].X): bind TetRp_0
I(input.I[19].O): bind 0.0005
I(ihill[1].S): bind LacLp
D(input.I[20].X): bind 0
D(input.V[79].X): bind TetRm_0
D(input.I[42].X): bind 10
D(input.V[59].X): bind clm_0
V(vadd[4].D): bind TetRm
D(input.V[3].X): bind 0
I(input.I[12].O): bind 30.1029995664
V(input.V[28].O): bind 0.3010299956
D(input.I[31].X): bind 0.4995

