Comps:

vgain | 0 = [1]
switch | 0 = [0]
input.I | 0 = [36,14,13,12,5,6,7,19,20]
output.V | 0 = [2,1]
copy.V | 0 = []
vadd | 0 = [1,0]
ihill | 0 = [0,1]
vtoi | 0 = []
igenebind | 0 = []
mm | 0 = []
input.V | 0 = [60,39,38,37,33,32,31,19,18,17,13]
itov | 0 = [1]
iadd | 0 = []
output.I | 0 = [9,5,15]
copy.I | 0 = []

Conns:
ihill[0].REP->output.I[5].X
input.V[19].O->vadd[0].OUT2_0
input.I[12].O->switch[0].Vmax
input.I[7].O->ihill[1].Km
input.I[7].O->ihill[0].Km
input.V[33].O->vgain[1].X
input.V[37].O->switch[0].n
vadd[1].OUT2->output.V[2].X
input.I[19].O->ihill[1].Vmax
input.V[39].O->vadd[1].D
input.V[31].O->ihill[1].n
input.V[31].O->vgain[1].Y
input.V[38].O->vadd[1].OUT2_0
input.V[32].O->vgain[1].Z
input.V[17].O->vadd[0].C
input.V[17].O->vadd[0].A
input.V[17].O->vadd[1].A
input.V[17].O->vadd[1].B
input.I[14].O->switch[0].SUB
input.I[36].O->itov[1].X
input.I[20].O->ihill[1].S
input.I[13].O->switch[0].Kmod
input.V[13].O->ihill[0].n
switch[0].PROD->output.I[9].X
input.I[6].O->ihill[0].Vmax
ihill[1].REP->output.I[15].X
input.I[5].O->ihill[0].S
input.V[60].O->itov[1].K
vadd[0].B->vgain[1].P
vadd[0].OUT2->output.V[1].X
vadd[1].C->itov[1].Y
input.V[18].O->vadd[0].D

Labels:
I(input.I[7].X): bind Km
I(output.I[15].O): bind VTF
I(input.I[13].X): bind 2.9618e-05
V(input.V[60].X): bind -0.1
V(input.V[18].X): bind V
V(input.V[31].X): bind 1.
V(output.V[1].O): bind V
I(input.I[19].X): bind 15.6
I(input.I[12].X): bind U
V(input.V[33].X): bind 250.
I(output.I[5].O): bind UTF
V(input.V[38].X): bind U_0
I(output.I[9].O): bind umodif
V(input.V[39].X): bind 0.01
V(input.V[19].X): bind V_0
I(input.I[14].X): bind IPTG
I(input.I[6].X): bind 156.25
V(input.V[32].X): bind VTF
V(output.V[2].O): bind U
I(input.I[5].X): bind V
I(input.I[20].X): bind umodif
V(input.V[37].X): bind 2.0015
V(input.V[13].X): bind 2.5
V(input.V[17].X): bind 0.
I(input.I[36].X): bind UTF

