Comps:

vgain | 0 = [6,4,2]
switch | 0 = []
input.I | 0 = [10,25]
output.V | 0 = [11,7,4,9]
copy.V | 0 = []
vadd | 0 = [3,1,0,2]
ihill | 0 = []
vtoi | 0 = []
igenebind | 0 = []
mm | 0 = []
input.V | 0 = [59,54,36,35,28,12,13,14,23,24,25,38,52]
itov | 0 = [1,3]
iadd | 0 = []
output.I | 0 = []
copy.I | 0 = []

Conns:
input.V[28].O->vadd[1].OUT2_0
vadd[1].B->vgain[4].P
input.V[35].O->vgain[4].X
input.V[25].O->vgain[2].X
input.V[52].O->itov[3].K
vadd[1].OUT2->output.V[7].X
input.V[12].O->vadd[2].A
input.V[12].O->vadd[2].C
input.V[12].O->vadd[0].C
input.V[12].O->vadd[1].C
input.V[12].O->vadd[1].A
input.V[12].O->vadd[3].C
input.V[12].O->vadd[3].A
input.V[38].O->vadd[2].OUT2_0
input.V[54].O->vadd[3].OUT2_0
vadd[2].OUT2->output.V[9].X
vadd[0].A->itov[1].Y
vadd[2].B->itov[3].Y
input.I[25].O->itov[3].X
input.V[13].O->vadd[0].D
input.V[13].O->vgain[4].Z
input.V[13].O->vgain[6].Z
input.V[36].O->vgain[4].Y
input.V[36].O->vgain[6].X
input.V[24].O->vadd[2].D
input.V[24].O->vgain[2].Z
input.V[24].O->vadd[1].D
input.V[14].O->vadd[0].OUT2_0
input.V[23].O->vgain[2].Y
vadd[0].B->vgain[2].P
vadd[0].OUT2->output.V[4].X
vadd[3].OUT2->output.V[11].X
input.I[10].O->itov[1].X
vadd[3].B->vgain[6].P
input.V[59].O->vgain[6].Y

Labels:
V(output.V[4].O): bind ES
V(input.V[24].X): bind S
V(input.V[35].X): bind 578.75
I(input.I[10].X): bind 0.
V(input.V[25].X): bind E
V(input.V[36].X): bind 1.
V(input.V[28].X): bind S_0
V(output.V[7].O): bind S
V(input.V[38].X): bind E_0
I(input.I[25].X): bind ES
V(output.V[11].O): bind P
V(input.V[14].X): bind ES_0
V(output.V[9].O): bind E
V(input.V[12].X): bind 0.
V(input.V[13].X): bind ES
V(input.V[23].X): bind 0.00126823081801
V(input.V[59].X): bind 0.0190476190476
V(input.V[54].X): bind P_0
V(input.V[52].X): bind 25.25

