Comps:

vgain | 0 = [5,1,3]
switch | 0 = []
input.I | 0 = [15]
output.V | 0 = [14,6,2,10]
copy.V | 0 = []
vadd | 0 = [5,3,1,0,4]
ihill | 0 = []
vtoi | 0 = []
igenebind | 0 = []
mm | 0 = []
input.V | 0 = [64,61,44,43,42,33,32,4,5,25,48,56,57]
itov | 0 = [1]
iadd | 0 = []
output.I | 0 = []
copy.I | 0 = []

Conns:
input.V[42].O->vgain[1].Y
input.V[44].O->vgain[1].X
input.V[64].O->vgain[5].X
input.V[5].O->vadd[0].OUT2_0
input.V[33].O->vgain[3].Z
input.V[33].O->vadd[1].D
input.V[33].O->vgain[5].Z
input.V[25].O->itov[1].K
vadd[1].OUT2->output.V[6].X
vadd[4].B->vgain[3].P
input.V[32].O->vadd[1].OUT2_0
input.V[43].O->vadd[4].D
input.V[43].O->vgain[1].Z
input.V[43].O->vadd[5].D
input.V[4].O->vadd[4].C
input.V[4].O->vadd[4].A
input.V[4].O->vadd[0].A
input.V[4].O->vadd[0].D
input.V[4].O->vadd[0].C
input.V[4].O->vadd[1].B
input.V[4].O->vadd[3].C
input.V[4].O->vadd[3].A
input.V[4].O->vadd[3].B
input.V[4].O->vadd[3].D
input.V[4].O->vadd[5].C
input.V[4].O->vadd[5].A
vadd[1].A->vadd[3].OUT
vadd[5].B->vgain[5].P
vadd[5].OUT2->output.V[14].X
input.V[48].O->vadd[4].OUT2_0
input.V[61].O->vadd[5].OUT2_0
input.V[56].O->vgain[3].Y
vadd[4].OUT2->output.V[10].X
vadd[0].B->itov[1].Y
vadd[0].OUT2->output.V[2].X
input.V[57].O->vgain[3].X
input.V[57].O->vgain[5].Y
vadd[1].C->vgain[1].P
input.I[15].O->itov[1].X

Labels:
V(input.V[4].X): bind 0.
V(input.V[5].X): bind P_0
V(input.V[42].X): bind -0.00126823081801
V(input.V[43].X): bind S
V(output.V[14].O): bind S
V(input.V[25].X): bind 0.47619047619
I(input.I[15].X): bind ES
V(input.V[56].X): bind 0.00158415841584
V(input.V[57].X): bind 1.
V(input.V[33].X): bind ES
V(input.V[44].X): bind E
V(input.V[61].X): bind S_0
V(input.V[32].X): bind ES_0
V(output.V[2].O): bind P
V(input.V[48].X): bind E_0
V(input.V[64].X): bind 578.75
V(output.V[6].O): bind ES
V(output.V[10].O): bind E

