Comps:

vgain | 0 = [7,3,1,5,9]
switch | 0 = []
input.I | 0 = [56,33,9,10,19,20,21,41,47]
output.V | 0 = [6,4,1,0,2,5]
copy.V | 0 = []
vadd | 0 = [5,3,1,0,2,4]
ihill | 0 = [3,1,5]
vtoi | 0 = []
igenebind | 0 = []
mm | 0 = []
input.V | 0 = [122,106,97,96,86,85,74,73,63,62,36,37,38,39,59,60,61,75,83,98,105]
itov | 0 = [1]
iadd | 0 = [1,0,2]
output.I | 0 = [24,11,40]
copy.I | 0 = []

Conns:
vadd[4].A->vgain[9].P
input.V[97].O->vgain[7].Y
input.V[106].O->vadd[5].OUT2_0
input.V[105].O->vgain[9].X
input.V[98].O->vadd[4].OUT2_0
input.V[122].O->itov[1].K
input.V[37].O->vadd[0].D
input.V[37].O->vadd[5].D
vadd[1].OUT2->output.V[1].X
vadd[5].C->itov[1].Y
input.V[39].O->vadd[4].B
input.V[39].O->vadd[4].C
input.V[39].O->vadd[2].B
input.V[39].O->vadd[2].C
input.V[39].O->vadd[0].B
input.V[39].O->vadd[0].A
input.V[39].O->vadd[1].C
input.V[39].O->vadd[1].B
input.V[39].O->vadd[3].C
input.V[39].O->vadd[3].A
input.V[39].O->vadd[5].A
input.V[39].O->vadd[5].B
input.I[19].O->ihill[5].Vmax
input.I[19].O->ihill[1].Vmax
input.I[19].O->ihill[3].Vmax
input.V[62].O->vadd[1].OUT2_0
input.I[47].O->ihill[5].S
input.V[83].O->vgain[5].Z
input.V[38].O->vadd[0].OUT2_0
vadd[2].OUT2->output.V[2].X
iadd[0].OUT->output.I[11].X
input.V[74].O->vgain[3].X
vadd[1].A->vgain[3].P
iadd[2].OUT->output.I[40].X
iadd[1].A->ihill[3].REP
input.V[86].O->vadd[3].OUT2_0
vadd[5].OUT2->output.V[6].X
iadd[2].B->ihill[5].REP
input.V[73].O->vgain[5].Y
input.V[73].O->vgain[3].Y
input.I[20].O->ihill[1].S
vadd[2].A->vgain[5].P
input.V[36].O->ihill[5].n
input.V[36].O->ihill[1].n
input.V[36].O->ihill[3].n
iadd[1].OUT->output.I[24].X
iadd[0].B->ihill[1].REP
input.I[41].O->iadd[2].D
input.V[61].O->vgain[1].X
input.V[75].O->vadd[2].OUT2_0
input.V[60].O->vgain[1].Z
input.V[85].O->vgain[9].Z
input.V[85].O->vadd[3].D
input.V[63].O->vadd[4].D
input.V[63].O->vadd[2].D
input.V[63].O->vadd[1].D
input.I[9].O->iadd[0].A
input.I[9].O->iadd[1].B
vadd[4].OUT2->output.V[5].X
input.I[33].O->ihill[3].S
input.I[21].O->ihill[5].Km
input.I[21].O->ihill[1].Km
input.I[21].O->ihill[3].Km
vadd[0].C->vgain[1].P
vadd[0].OUT2->output.V[0].X
vadd[3].OUT2->output.V[4].X
input.V[59].O->vgain[9].Y
input.V[59].O->vgain[5].X
input.V[59].O->vgain[1].Y
input.V[59].O->vgain[3].Z
input.V[59].O->vgain[7].X
input.I[10].O->iadd[2].A
input.I[10].O->iadd[2].C
input.I[10].O->iadd[0].C
input.I[10].O->iadd[0].D
input.I[10].O->iadd[1].C
input.I[10].O->iadd[1].D
vadd[3].B->vgain[7].P
input.I[56].O->itov[1].X
input.V[96].O->vgain[7].Z

Labels:
V(input.V[63].X): bind 0.3010299956
I(input.I[47].X): bind LacLp
V(input.V[86].X): bind clm_0
V(output.V[4].O): bind clm
V(input.V[60].X): bind -250.
I(input.I[56].X): bind TRTetR
V(input.V[62].X): bind LacLp_0
V(input.V[74].X): bind LacLm
V(input.V[83].X): bind TetRm
V(input.V[105].X): bind 752.57498916
V(input.V[96].X): bind TRclp
V(input.V[85].X): bind clm
I(output.I[24].O): bind TRclp
V(output.V[1].O): bind LacLp
V(input.V[97].X): bind 0.004
I(input.I[19].X): bind 0.4995
V(input.V[75].X): bind TetRp_0
I(input.I[10].X): bind 0.
V(input.V[36].X): bind 2.
V(input.V[98].X): bind clp_0
I(input.I[33].X): bind clp
I(output.I[40].O): bind TRLacL
V(input.V[38].X): bind LacLm_0
V(input.V[39].X): bind 0.
V(output.V[0].O): bind LacLm
V(input.V[61].X): bind TRLacL
I(output.I[11].O): bind TRTetR
I(input.I[21].X): bind KM
V(output.V[2].O): bind TetRp
V(input.V[122].X): bind -0.1
I(input.I[20].X): bind TetRp
V(input.V[106].X): bind TetRm_0
I(input.I[9].X): bind 0.0005
V(input.V[37].X): bind 1.5051499783
I(input.I[41].X): bind -0.0005
V(input.V[59].X): bind 1.
V(output.V[6].O): bind TetRm
V(output.V[5].O): bind clp
V(input.V[73].X): bind 0.00132877123795

